// Jest Snapshot v1, https://goo.gl/fbAQLP

exports[`<Action /> renders without exploding 1`] = `
ShallowWrapper {
  "length": 1,
  Symbol(enzyme.__root__): [Circular],
  Symbol(enzyme.__unrendered__): <Action
    disabled={false}
    loading={true}
    onClick={[Function]}
    primary={true}
    small={false}
    style={Object {}}
    text="Example text"
  />,
  Symbol(enzyme.__renderer__): Object {
    "batchedUpdates": [Function],
    "getNode": [Function],
    "render": [Function],
    "simulateEvent": [Function],
    "unmount": [Function],
  },
  Symbol(enzyme.__node__): Object {
    "instance": null,
    "key": undefined,
    "nodeType": "host",
    "props": Object {
      "children": Array [
        <Icon
          type="loading"
        />,
        "Example text",
      ],
      "className": "Action ant-btn-lg Action--primary",
      "disabled": false,
      "onClick": [Function],
      "style": Object {},
    },
    "ref": null,
    "rendered": Array [
      Object {
        "instance": null,
        "key": undefined,
        "nodeType": "function",
        "props": Object {
          "type": "loading",
        },
        "ref": null,
        "rendered": null,
        "type": [Function],
      },
      "Example text",
    ],
    "type": "button",
  },
  Symbol(enzyme.__nodes__): Array [
    Object {
      "instance": null,
      "key": undefined,
      "nodeType": "host",
      "props": Object {
        "children": Array [
          <Icon
            type="loading"
          />,
          "Example text",
        ],
        "className": "Action ant-btn-lg Action--primary",
        "disabled": false,
        "onClick": [Function],
        "style": Object {},
      },
      "ref": null,
      "rendered": Array [
        Object {
          "instance": null,
          "key": undefined,
          "nodeType": "function",
          "props": Object {
            "type": "loading",
          },
          "ref": null,
          "rendered": null,
          "type": [Function],
        },
        "Example text",
      ],
      "type": "button",
    },
  ],
  Symbol(enzyme.__options__): Object {
    "adapter": ReactSixteenAdapter {
      "options": Object {
        "enableComponentDidUpdateOnSetState": true,
      },
    },
  },
}
`;
