// Jest Snapshot v1, https://goo.gl/fbAQLP

exports[`<Follow /> renders without exploding 1`] = `
ShallowWrapper {
  "complexSelector": ComplexSelector {
    "buildPredicate": [Function],
    "childrenOfNode": [Function],
    "findWhereUnwrapped": [Function],
  },
  "length": 1,
  "node": <button
    className="Follow"
    onClick={[Function]}
    onMouseOut={[Function]}
    onMouseOver={[Function]}
  >
    Following
  </button>,
  "nodes": Array [
    <button
      className="Follow"
      onClick={[Function]}
      onMouseOut={[Function]}
      onMouseOver={[Function]}
    >
      Following
    </button>,
  ],
  "options": Object {},
  "renderer": ReactShallowRenderer {
    "_instance": ShallowComponentWrapper {
      "_calledComponentWillUnmount": false,
      "_compositeType": 0,
      "_context": Object {},
      "_currentElement": <FollowPure
        intl={
          Object {
            "defaultFormats": Object {},
            "defaultLocale": "en",
            "formatDate": [Function],
            "formatHTMLMessage": [Function],
            "formatMessage": [Function],
            "formatNumber": [Function],
            "formatPlural": [Function],
            "formatRelative": [Function],
            "formatTime": [Function],
            "formats": Object {},
            "formatters": Object {
              "getDateTimeFormat": [Function],
              "getMessageFormat": [Function],
              "getNumberFormat": [Function],
              "getPluralFormat": [Function],
              "getRelativeFormat": [Function],
            },
            "locale": "en",
            "messages": Object {},
            "now": [Function],
            "textComponent": "span",
          }
        }
        isFollowed={true}
        onClick={[Function]}
        pending={false}
      />,
      "_debugID": 1,
      "_hostContainerInfo": null,
      "_hostParent": null,
      "_instance": FollowPure {
        "_reactInternalInstance": [Circular],
        "context": Object {},
        "handleClick": [Function],
        "onMouseOut": [Function],
        "onMouseOver": [Function],
        "props": Object {
          "intl": Object {
            "defaultFormats": Object {},
            "defaultLocale": "en",
            "formatDate": [Function],
            "formatHTMLMessage": [Function],
            "formatMessage": [Function],
            "formatNumber": [Function],
            "formatPlural": [Function],
            "formatRelative": [Function],
            "formatTime": [Function],
            "formats": Object {},
            "formatters": Object {
              "getDateTimeFormat": [Function],
              "getMessageFormat": [Function],
              "getNumberFormat": [Function],
              "getPluralFormat": [Function],
              "getRelativeFormat": [Function],
            },
            "locale": "en",
            "messages": Object {},
            "now": [Function],
            "textComponent": "span",
          },
          "isFollowed": true,
          "onClick": [Function],
          "pending": false,
        },
        "refs": Object {},
        "state": Object {
          "isHovered": false,
        },
        "updater": Object {
          "enqueueCallback": [Function],
          "enqueueCallbackInternal": [Function],
          "enqueueElementInternal": [Function],
          "enqueueForceUpdate": [Function],
          "enqueueReplaceState": [Function],
          "enqueueSetState": [Function],
          "isMounted": [Function],
          "validateCallback": [Function],
        },
      },
      "_mountOrder": 1,
      "_pendingCallbacks": null,
      "_pendingElement": null,
      "_pendingForceUpdate": false,
      "_pendingReplaceState": false,
      "_pendingStateQueue": null,
      "_renderedComponent": NoopInternalComponent {
        "_currentElement": <button
          className="Follow"
          onClick={[Function]}
          onMouseOut={[Function]}
          onMouseOver={[Function]}
        >
          Following
        </button>,
        "_debugID": 2,
        "_renderedOutput": <button
          className="Follow"
          onClick={[Function]}
          onMouseOut={[Function]}
          onMouseOver={[Function]}
        >
          Following
        </button>,
      },
      "_renderedNodeType": 0,
      "_rootNodeID": 0,
      "_topLevelWrapper": null,
      "_updateBatchNumber": null,
      "_warnedAboutRefsInRender": false,
    },
    "getRenderOutput": [Function],
    "render": [Function],
  },
  "root": [Circular],
  "unrendered": <FollowPure
    intl={
      Object {
        "defaultFormats": Object {},
        "defaultLocale": "en",
        "formatDate": [Function],
        "formatHTMLMessage": [Function],
        "formatMessage": [Function],
        "formatNumber": [Function],
        "formatPlural": [Function],
        "formatRelative": [Function],
        "formatTime": [Function],
        "formats": Object {},
        "formatters": Object {
          "getDateTimeFormat": [Function],
          "getMessageFormat": [Function],
          "getNumberFormat": [Function],
          "getPluralFormat": [Function],
          "getRelativeFormat": [Function],
        },
        "locale": "en",
        "messages": Object {},
        "now": [Function],
        "textComponent": "span",
      }
    }
    isFollowed={true}
    onClick={[Function]}
    pending={false}
  />,
}
`;
