// Jest Snapshot v1, https://goo.gl/fbAQLP

exports[`(Component) UserWalletTransactions with default prop values renders and matches snapshot 1`] = `
ShallowWrapper {
  "complexSelector": ComplexSelector {
    "buildPredicate": [Function],
    "childrenOfNode": [Function],
    "findWhereUnwrapped": [Function],
  },
  "length": 1,
  "node": <div
    className="UserWalletTransactions"
  >
    <ReduxInfiniteScroll
      className=""
      containerHeight="100%"
      elementIsScrollable={false}
      hasMore={false}
      holderType="div"
      items={Array []}
      loadMore={[Function]}
      loader={
        <div
          style={
            Object {
              "margin": "20px",
            }
          }
        >
          <Loading
            center={true}
            style={Object {}}
          />
        </div>
      }
      loadingMore={false}
      showLoader={true}
      threshold={200}
    >
      <PowerUpTransaction
        amount={
          <span>
            <FormattedNumber
              maximumFractionDigits={3}
              minimumFractionDigits={3}
              value={100}
            />
             SP
          </span>
        }
        timestamp="0"
      />
      <TransferTransaction
        amount={
          <span>
            <FormattedNumber
              maximumFractionDigits={3}
              minimumFractionDigits={3}
              value={100}
            />
             STEEM
          </span>
        }
        memo="transfer memo"
        timestamp="0"
        to=""
      />
    </ReduxInfiniteScroll>
  </div>,
  "nodes": Array [
    <div
      className="UserWalletTransactions"
    >
      <ReduxInfiniteScroll
        className=""
        containerHeight="100%"
        elementIsScrollable={false}
        hasMore={false}
        holderType="div"
        items={Array []}
        loadMore={[Function]}
        loader={
          <div
            style={
              Object {
                "margin": "20px",
              }
            }
          >
            <Loading
              center={true}
              style={Object {}}
            />
          </div>
        }
        loadingMore={false}
        showLoader={true}
        threshold={200}
      >
        <PowerUpTransaction
          amount={
            <span>
              <FormattedNumber
                maximumFractionDigits={3}
                minimumFractionDigits={3}
                value={100}
              />
               SP
            </span>
          }
          timestamp="0"
        />
        <TransferTransaction
          amount={
            <span>
              <FormattedNumber
                maximumFractionDigits={3}
                minimumFractionDigits={3}
                value={100}
              />
               STEEM
            </span>
          }
          memo="transfer memo"
          timestamp="0"
          to=""
        />
      </ReduxInfiniteScroll>
    </div>,
  ],
  "options": Object {},
  "renderer": ReactShallowRenderer {
    "_instance": ShallowComponentWrapper {
      "_calledComponentWillUnmount": false,
      "_compositeType": 0,
      "_context": Object {},
      "_currentElement": <UserWalletTransactions
        currentUsername="hellosteem"
        totalVestingFundSteem="0"
        totalVestingShares="0"
        transactions={
          Array [
            Object {
              "op": Array [
                "transfer_to_vesting",
                Object {
                  "amount": "100 STEEM",
                },
              ],
              "timestamp": "0",
            },
            Object {
              "op": Array [
                "transfer",
                Object {
                  "amount": "100 STEEM",
                  "from": "hellosteem1",
                  "memo": "transfer memo",
                },
              ],
              "timestamp": "0",
            },
          ]
        }
      />,
      "_debugID": 1,
      "_hostContainerInfo": null,
      "_hostParent": null,
      "_instance": UserWalletTransactions {
        "_reactInternalInstance": [Circular],
        "context": Object {},
        "getFormattedTransactionAmount": [Function],
        "handleLoadMore": [Function],
        "props": Object {
          "currentUsername": "hellosteem",
          "totalVestingFundSteem": "0",
          "totalVestingShares": "0",
          "transactions": Array [
            Object {
              "op": Array [
                "transfer_to_vesting",
                Object {
                  "amount": "100 STEEM",
                },
              ],
              "timestamp": "0",
            },
            Object {
              "op": Array [
                "transfer",
                Object {
                  "amount": "100 STEEM",
                  "from": "hellosteem1",
                  "memo": "transfer memo",
                },
              ],
              "timestamp": "0",
            },
          ],
        },
        "refs": Object {},
        "state": Object {
          "lastActionCount": undefined,
          "loadingMoreTransactions": false,
          "userHasMoreTransactions": false,
        },
        "updater": Object {
          "enqueueCallback": [Function],
          "enqueueCallbackInternal": [Function],
          "enqueueElementInternal": [Function],
          "enqueueForceUpdate": [Function],
          "enqueueReplaceState": [Function],
          "enqueueSetState": [Function],
          "isMounted": [Function],
          "validateCallback": [Function],
        },
      },
      "_mountOrder": 1,
      "_pendingCallbacks": null,
      "_pendingElement": null,
      "_pendingForceUpdate": false,
      "_pendingReplaceState": false,
      "_pendingStateQueue": null,
      "_renderedComponent": NoopInternalComponent {
        "_currentElement": <div
          className="UserWalletTransactions"
        >
          <ReduxInfiniteScroll
            className=""
            containerHeight="100%"
            elementIsScrollable={false}
            hasMore={false}
            holderType="div"
            items={Array []}
            loadMore={[Function]}
            loader={
              <div
                style={
                  Object {
                    "margin": "20px",
                  }
                }
              >
                <Loading
                  center={true}
                  style={Object {}}
                />
              </div>
            }
            loadingMore={false}
            showLoader={true}
            threshold={200}
          >
            <PowerUpTransaction
              amount={
                <span>
                  <FormattedNumber
                    maximumFractionDigits={3}
                    minimumFractionDigits={3}
                    value={100}
                  />
                   SP
                </span>
              }
              timestamp="0"
            />
            <TransferTransaction
              amount={
                <span>
                  <FormattedNumber
                    maximumFractionDigits={3}
                    minimumFractionDigits={3}
                    value={100}
                  />
                   STEEM
                </span>
              }
              memo="transfer memo"
              timestamp="0"
              to=""
            />
          </ReduxInfiniteScroll>
        </div>,
        "_debugID": 2,
        "_renderedOutput": <div
          className="UserWalletTransactions"
        >
          <ReduxInfiniteScroll
            className=""
            containerHeight="100%"
            elementIsScrollable={false}
            hasMore={false}
            holderType="div"
            items={Array []}
            loadMore={[Function]}
            loader={
              <div
                style={
                  Object {
                    "margin": "20px",
                  }
                }
              >
                <Loading
                  center={true}
                  style={Object {}}
                />
              </div>
            }
            loadingMore={false}
            showLoader={true}
            threshold={200}
          >
            <PowerUpTransaction
              amount={
                <span>
                  <FormattedNumber
                    maximumFractionDigits={3}
                    minimumFractionDigits={3}
                    value={100}
                  />
                   SP
                </span>
              }
              timestamp="0"
            />
            <TransferTransaction
              amount={
                <span>
                  <FormattedNumber
                    maximumFractionDigits={3}
                    minimumFractionDigits={3}
                    value={100}
                  />
                   STEEM
                </span>
              }
              memo="transfer memo"
              timestamp="0"
              to=""
            />
          </ReduxInfiniteScroll>
        </div>,
      },
      "_renderedNodeType": 0,
      "_rootNodeID": 0,
      "_topLevelWrapper": null,
      "_updateBatchNumber": null,
      "_warnedAboutRefsInRender": false,
    },
    "getRenderOutput": [Function],
    "render": [Function],
  },
  "root": [Circular],
  "unrendered": <UserWalletTransactions
    currentUsername="hellosteem"
    totalVestingFundSteem="0"
    totalVestingShares="0"
    transactions={
      Array [
        Object {
          "op": Array [
            "transfer_to_vesting",
            Object {
              "amount": "100 STEEM",
            },
          ],
          "timestamp": "0",
        },
        Object {
          "op": Array [
            "transfer",
            Object {
              "amount": "100 STEEM",
              "from": "hellosteem1",
              "memo": "transfer memo",
            },
          ],
          "timestamp": "0",
        },
      ]
    }
  />,
}
`;
