// Jest Snapshot v1, https://goo.gl/fbAQLP

exports[`(Component) UserWalletSummary with default prop values renders and matches snapshot 1`] = `
ShallowWrapper {
  "complexSelector": ComplexSelector {
    "buildPredicate": [Function],
    "childrenOfNode": [Function],
    "findWhereUnwrapped": [Function],
  },
  "length": 1,
  "node": <div
    className="UserWalletSummary"
  >
    <div
      className="UserWalletSummary__item"
    >
      <i
        className="iconfont icon-steem UserWalletSummary__icon"
      />
      <div
        className="UserWalletSummary__label"
      >
        <FormattedMessage
          defaultMessage="Steem"
          id="steem"
          values={Object {}}
        />
      </div>
      <div
        className="UserWalletSummary__value"
      >
        <span>
          <FormattedNumber
            value={100}
          />
           STEEM
        </span>
      </div>
    </div>
    <div
      className="UserWalletSummary__item"
    >
      <i
        className="iconfont icon-flashlight_fill UserWalletSummary__icon"
      />
      <div
        className="UserWalletSummary__label"
      >
        <FormattedMessage
          defaultMessage="Steem Power"
          id="steem_power"
          values={Object {}}
        />
      </div>
      <div
        className="UserWalletSummary__value"
      >
        <span>
          <FormattedNumber
            value={0}
          />
           SP 
          <Tooltip
            arrowPointAtCenter={false}
            autoAdjustOverflow={true}
            mouseEnterDelay={0.1}
            mouseLeaveDelay={0.1}
            placement="top"
            prefixCls="ant-tooltip"
            title={
              <span>
                <FormattedMessage
                  defaultMessage="Steem Power delegated to this account"
                  id="steem_power_delegated_to_account_tooltip"
                  values={Object {}}
                />
              </span>
            }
            transitionName="zoom-big-fast"
          >
            <span>
              (
              <FormattedNumber
                value={NaN}
              />
               SP)
            </span>
          </Tooltip>
        </span>
      </div>
    </div>
    <div
      className="UserWalletSummary__item"
    >
      <i
        className="iconfont icon-Dollar UserWalletSummary__icon"
      />
      <div
        className="UserWalletSummary__label"
      >
        <FormattedMessage
          defaultMessage="Steem Dollar"
          id="steem_dollar"
          values={Object {}}
        />
      </div>
      <div
        className="UserWalletSummary__value"
      >
        <span>
          <FormattedNumber
            value={NaN}
          />
           SBD
        </span>
      </div>
    </div>
    <div
      className="UserWalletSummary__item"
    >
      <i
        className="iconfont icon-savings UserWalletSummary__icon"
      />
      <div
        className="UserWalletSummary__label"
      >
        <FormattedMessage
          defaultMessage="Savings"
          id="savings"
          values={Object {}}
        />
      </div>
      <div
        className="UserWalletSummary__value"
      >
        <span>
          <FormattedNumber
            value={100}
          />
           STEEM, 
          <FormattedNumber
            value={1000}
          />
           SBD
        </span>
      </div>
    </div>
    <div
      className="UserWalletSummary__item"
    >
      <i
        className="iconfont icon-people_fill UserWalletSummary__icon"
      />
      <div
        className="UserWalletSummary__label"
      >
        <FormattedMessage
          defaultMessage="Est. Account Value"
          id="est_account_value"
          values={Object {}}
        />
      </div>
      <div
        className="UserWalletSummary__value"
      >
        <USDDisplay
          value={100}
        />
      </div>
    </div>
  </div>,
  "nodes": Array [
    <div
      className="UserWalletSummary"
    >
      <div
        className="UserWalletSummary__item"
      >
        <i
          className="iconfont icon-steem UserWalletSummary__icon"
        />
        <div
          className="UserWalletSummary__label"
        >
          <FormattedMessage
            defaultMessage="Steem"
            id="steem"
            values={Object {}}
          />
        </div>
        <div
          className="UserWalletSummary__value"
        >
          <span>
            <FormattedNumber
              value={100}
            />
             STEEM
          </span>
        </div>
      </div>
      <div
        className="UserWalletSummary__item"
      >
        <i
          className="iconfont icon-flashlight_fill UserWalletSummary__icon"
        />
        <div
          className="UserWalletSummary__label"
        >
          <FormattedMessage
            defaultMessage="Steem Power"
            id="steem_power"
            values={Object {}}
          />
        </div>
        <div
          className="UserWalletSummary__value"
        >
          <span>
            <FormattedNumber
              value={0}
            />
             SP 
            <Tooltip
              arrowPointAtCenter={false}
              autoAdjustOverflow={true}
              mouseEnterDelay={0.1}
              mouseLeaveDelay={0.1}
              placement="top"
              prefixCls="ant-tooltip"
              title={
                <span>
                  <FormattedMessage
                    defaultMessage="Steem Power delegated to this account"
                    id="steem_power_delegated_to_account_tooltip"
                    values={Object {}}
                  />
                </span>
              }
              transitionName="zoom-big-fast"
            >
              <span>
                (
                <FormattedNumber
                  value={NaN}
                />
                 SP)
              </span>
            </Tooltip>
          </span>
        </div>
      </div>
      <div
        className="UserWalletSummary__item"
      >
        <i
          className="iconfont icon-Dollar UserWalletSummary__icon"
        />
        <div
          className="UserWalletSummary__label"
        >
          <FormattedMessage
            defaultMessage="Steem Dollar"
            id="steem_dollar"
            values={Object {}}
          />
        </div>
        <div
          className="UserWalletSummary__value"
        >
          <span>
            <FormattedNumber
              value={NaN}
            />
             SBD
          </span>
        </div>
      </div>
      <div
        className="UserWalletSummary__item"
      >
        <i
          className="iconfont icon-savings UserWalletSummary__icon"
        />
        <div
          className="UserWalletSummary__label"
        >
          <FormattedMessage
            defaultMessage="Savings"
            id="savings"
            values={Object {}}
          />
        </div>
        <div
          className="UserWalletSummary__value"
        >
          <span>
            <FormattedNumber
              value={100}
            />
             STEEM, 
            <FormattedNumber
              value={1000}
            />
             SBD
          </span>
        </div>
      </div>
      <div
        className="UserWalletSummary__item"
      >
        <i
          className="iconfont icon-people_fill UserWalletSummary__icon"
        />
        <div
          className="UserWalletSummary__label"
        >
          <FormattedMessage
            defaultMessage="Est. Account Value"
            id="est_account_value"
            values={Object {}}
          />
        </div>
        <div
          className="UserWalletSummary__value"
        >
          <USDDisplay
            value={100}
          />
        </div>
      </div>
    </div>,
  ],
  "options": Object {},
  "renderer": ReactShallowRenderer {
    "_instance": ShallowComponentWrapper {
      "_calledComponentWillUnmount": false,
      "_compositeType": 2,
      "_context": Object {},
      "_currentElement": <UserWalletSummary
        estAccountValue="100.00 STEEM"
        loading={false}
        loadingEstAccountValue={false}
        totalVestingFundSteem="100 STEEM"
        totalVestingShares="100 STEEM"
        user={
          Object {
            "balance": "100",
            "savings_balance": "100 STEEM",
            "savings_sbd_balance": "1000 STEEM",
            "vesting_shares": "0",
          }
        }
      />,
      "_debugID": 1,
      "_hostContainerInfo": null,
      "_hostParent": null,
      "_instance": StatelessComponent {
        "_reactInternalInstance": [Circular],
        "context": Object {},
        "props": Object {
          "estAccountValue": "100.00 STEEM",
          "loading": false,
          "loadingEstAccountValue": false,
          "totalVestingFundSteem": "100 STEEM",
          "totalVestingShares": "100 STEEM",
          "user": Object {
            "balance": "100",
            "savings_balance": "100 STEEM",
            "savings_sbd_balance": "1000 STEEM",
            "vesting_shares": "0",
          },
        },
        "refs": Object {},
        "state": null,
        "updater": Object {
          "enqueueCallback": [Function],
          "enqueueCallbackInternal": [Function],
          "enqueueElementInternal": [Function],
          "enqueueForceUpdate": [Function],
          "enqueueReplaceState": [Function],
          "enqueueSetState": [Function],
          "isMounted": [Function],
          "validateCallback": [Function],
        },
      },
      "_mountOrder": 1,
      "_pendingCallbacks": null,
      "_pendingElement": null,
      "_pendingForceUpdate": false,
      "_pendingReplaceState": false,
      "_pendingStateQueue": null,
      "_renderedComponent": NoopInternalComponent {
        "_currentElement": <div
          className="UserWalletSummary"
        >
          <div
            className="UserWalletSummary__item"
          >
            <i
              className="iconfont icon-steem UserWalletSummary__icon"
            />
            <div
              className="UserWalletSummary__label"
            >
              <FormattedMessage
                defaultMessage="Steem"
                id="steem"
                values={Object {}}
              />
            </div>
            <div
              className="UserWalletSummary__value"
            >
              <span>
                <FormattedNumber
                  value={100}
                />
                 STEEM
              </span>
            </div>
          </div>
          <div
            className="UserWalletSummary__item"
          >
            <i
              className="iconfont icon-flashlight_fill UserWalletSummary__icon"
            />
            <div
              className="UserWalletSummary__label"
            >
              <FormattedMessage
                defaultMessage="Steem Power"
                id="steem_power"
                values={Object {}}
              />
            </div>
            <div
              className="UserWalletSummary__value"
            >
              <span>
                <FormattedNumber
                  value={0}
                />
                 SP 
                <Tooltip
                  arrowPointAtCenter={false}
                  autoAdjustOverflow={true}
                  mouseEnterDelay={0.1}
                  mouseLeaveDelay={0.1}
                  placement="top"
                  prefixCls="ant-tooltip"
                  title={
                    <span>
                      <FormattedMessage
                        defaultMessage="Steem Power delegated to this account"
                        id="steem_power_delegated_to_account_tooltip"
                        values={Object {}}
                      />
                    </span>
                  }
                  transitionName="zoom-big-fast"
                >
                  <span>
                    (
                    <FormattedNumber
                      value={NaN}
                    />
                     SP)
                  </span>
                </Tooltip>
              </span>
            </div>
          </div>
          <div
            className="UserWalletSummary__item"
          >
            <i
              className="iconfont icon-Dollar UserWalletSummary__icon"
            />
            <div
              className="UserWalletSummary__label"
            >
              <FormattedMessage
                defaultMessage="Steem Dollar"
                id="steem_dollar"
                values={Object {}}
              />
            </div>
            <div
              className="UserWalletSummary__value"
            >
              <span>
                <FormattedNumber
                  value={NaN}
                />
                 SBD
              </span>
            </div>
          </div>
          <div
            className="UserWalletSummary__item"
          >
            <i
              className="iconfont icon-savings UserWalletSummary__icon"
            />
            <div
              className="UserWalletSummary__label"
            >
              <FormattedMessage
                defaultMessage="Savings"
                id="savings"
                values={Object {}}
              />
            </div>
            <div
              className="UserWalletSummary__value"
            >
              <span>
                <FormattedNumber
                  value={100}
                />
                 STEEM, 
                <FormattedNumber
                  value={1000}
                />
                 SBD
              </span>
            </div>
          </div>
          <div
            className="UserWalletSummary__item"
          >
            <i
              className="iconfont icon-people_fill UserWalletSummary__icon"
            />
            <div
              className="UserWalletSummary__label"
            >
              <FormattedMessage
                defaultMessage="Est. Account Value"
                id="est_account_value"
                values={Object {}}
              />
            </div>
            <div
              className="UserWalletSummary__value"
            >
              <USDDisplay
                value={100}
              />
            </div>
          </div>
        </div>,
        "_debugID": 2,
        "_renderedOutput": <div
          className="UserWalletSummary"
        >
          <div
            className="UserWalletSummary__item"
          >
            <i
              className="iconfont icon-steem UserWalletSummary__icon"
            />
            <div
              className="UserWalletSummary__label"
            >
              <FormattedMessage
                defaultMessage="Steem"
                id="steem"
                values={Object {}}
              />
            </div>
            <div
              className="UserWalletSummary__value"
            >
              <span>
                <FormattedNumber
                  value={100}
                />
                 STEEM
              </span>
            </div>
          </div>
          <div
            className="UserWalletSummary__item"
          >
            <i
              className="iconfont icon-flashlight_fill UserWalletSummary__icon"
            />
            <div
              className="UserWalletSummary__label"
            >
              <FormattedMessage
                defaultMessage="Steem Power"
                id="steem_power"
                values={Object {}}
              />
            </div>
            <div
              className="UserWalletSummary__value"
            >
              <span>
                <FormattedNumber
                  value={0}
                />
                 SP 
                <Tooltip
                  arrowPointAtCenter={false}
                  autoAdjustOverflow={true}
                  mouseEnterDelay={0.1}
                  mouseLeaveDelay={0.1}
                  placement="top"
                  prefixCls="ant-tooltip"
                  title={
                    <span>
                      <FormattedMessage
                        defaultMessage="Steem Power delegated to this account"
                        id="steem_power_delegated_to_account_tooltip"
                        values={Object {}}
                      />
                    </span>
                  }
                  transitionName="zoom-big-fast"
                >
                  <span>
                    (
                    <FormattedNumber
                      value={NaN}
                    />
                     SP)
                  </span>
                </Tooltip>
              </span>
            </div>
          </div>
          <div
            className="UserWalletSummary__item"
          >
            <i
              className="iconfont icon-Dollar UserWalletSummary__icon"
            />
            <div
              className="UserWalletSummary__label"
            >
              <FormattedMessage
                defaultMessage="Steem Dollar"
                id="steem_dollar"
                values={Object {}}
              />
            </div>
            <div
              className="UserWalletSummary__value"
            >
              <span>
                <FormattedNumber
                  value={NaN}
                />
                 SBD
              </span>
            </div>
          </div>
          <div
            className="UserWalletSummary__item"
          >
            <i
              className="iconfont icon-savings UserWalletSummary__icon"
            />
            <div
              className="UserWalletSummary__label"
            >
              <FormattedMessage
                defaultMessage="Savings"
                id="savings"
                values={Object {}}
              />
            </div>
            <div
              className="UserWalletSummary__value"
            >
              <span>
                <FormattedNumber
                  value={100}
                />
                 STEEM, 
                <FormattedNumber
                  value={1000}
                />
                 SBD
              </span>
            </div>
          </div>
          <div
            className="UserWalletSummary__item"
          >
            <i
              className="iconfont icon-people_fill UserWalletSummary__icon"
            />
            <div
              className="UserWalletSummary__label"
            >
              <FormattedMessage
                defaultMessage="Est. Account Value"
                id="est_account_value"
                values={Object {}}
              />
            </div>
            <div
              className="UserWalletSummary__value"
            >
              <USDDisplay
                value={100}
              />
            </div>
          </div>
        </div>,
      },
      "_renderedNodeType": 0,
      "_rootNodeID": 0,
      "_topLevelWrapper": null,
      "_updateBatchNumber": null,
      "_warnedAboutRefsInRender": false,
    },
    "getRenderOutput": [Function],
    "render": [Function],
  },
  "root": [Circular],
  "unrendered": <UserWalletSummary
    estAccountValue="100.00 STEEM"
    loading={false}
    loadingEstAccountValue={false}
    totalVestingFundSteem="100 STEEM"
    totalVestingShares="100 STEEM"
    user={
      Object {
        "balance": "100",
        "savings_balance": "100 STEEM",
        "savings_sbd_balance": "1000 STEEM",
        "vesting_shares": "0",
      }
    }
  />,
}
`;
