// Jest Snapshot v1, https://goo.gl/fbAQLP

exports[`<InterestingPeople /> renders without exploding 1`] = `
ShallowWrapper {
  "complexSelector": ComplexSelector {
    "buildPredicate": [Function],
    "childrenOfNode": [Function],
    "findWhereUnwrapped": [Function],
  },
  "length": 1,
  "node": <div
    className="InterestingPeople"
  >
    <div
      className="InterestingPeople__container"
    >
      <h4
        className="InterestingPeople__title"
      >
        <i
          className="iconfont icon-group InterestingPeople__icon"
        />
         
        <FormattedMessage
          defaultMessage="Interesting People"
          id="interesting_people"
          values={Object {}}
        />
        <i
          className="iconfont icon-refresh InterestingPeople__icon-refresh"
          onClick={[Function]}
          role="presentation"
        />
      </h4>
      <div
        className="InterestingPeople__divider"
      />
      <User
        user={
          Object {
            "name": "sekhmet",
          }
        }
      />
      <User
        user={
          Object {
            "name": "fabien",
          }
        }
      />
      <User
        user={
          Object {
            "name": "ekitcho",
          }
        }
      />
      <User
        user={
          Object {
            "name": "jm90mm",
          }
        }
      />
      <h4
        className="InterestingPeople__more"
      >
        <Link
          replace={false}
          to="/latest-comments"
        >
          <FormattedMessage
            defaultMessage="Discover More People"
            id="discover_more_people"
            values={Object {}}
          />
        </Link>
      </h4>
    </div>
  </div>,
  "nodes": Array [
    <div
      className="InterestingPeople"
    >
      <div
        className="InterestingPeople__container"
      >
        <h4
          className="InterestingPeople__title"
        >
          <i
            className="iconfont icon-group InterestingPeople__icon"
          />
           
          <FormattedMessage
            defaultMessage="Interesting People"
            id="interesting_people"
            values={Object {}}
          />
          <i
            className="iconfont icon-refresh InterestingPeople__icon-refresh"
            onClick={[Function]}
            role="presentation"
          />
        </h4>
        <div
          className="InterestingPeople__divider"
        />
        <User
          user={
            Object {
              "name": "sekhmet",
            }
          }
        />
        <User
          user={
            Object {
              "name": "fabien",
            }
          }
        />
        <User
          user={
            Object {
              "name": "ekitcho",
            }
          }
        />
        <User
          user={
            Object {
              "name": "jm90mm",
            }
          }
        />
        <h4
          className="InterestingPeople__more"
        >
          <Link
            replace={false}
            to="/latest-comments"
          >
            <FormattedMessage
              defaultMessage="Discover More People"
              id="discover_more_people"
              values={Object {}}
            />
          </Link>
        </h4>
      </div>
    </div>,
  ],
  "options": Object {},
  "renderer": ReactShallowRenderer {
    "_instance": ShallowComponentWrapper {
      "_calledComponentWillUnmount": false,
      "_compositeType": 2,
      "_context": Object {},
      "_currentElement": <InterestingPeople
        onRefresh={[Function]}
        users={
          Array [
            Object {
              "name": "sekhmet",
            },
            Object {
              "name": "fabien",
            },
            Object {
              "name": "ekitcho",
            },
            Object {
              "name": "jm90mm",
            },
          ]
        }
      />,
      "_debugID": 1,
      "_hostContainerInfo": null,
      "_hostParent": null,
      "_instance": StatelessComponent {
        "_reactInternalInstance": [Circular],
        "context": Object {},
        "props": Object {
          "onRefresh": [Function],
          "users": Array [
            Object {
              "name": "sekhmet",
            },
            Object {
              "name": "fabien",
            },
            Object {
              "name": "ekitcho",
            },
            Object {
              "name": "jm90mm",
            },
          ],
        },
        "refs": Object {},
        "state": null,
        "updater": Object {
          "enqueueCallback": [Function],
          "enqueueCallbackInternal": [Function],
          "enqueueElementInternal": [Function],
          "enqueueForceUpdate": [Function],
          "enqueueReplaceState": [Function],
          "enqueueSetState": [Function],
          "isMounted": [Function],
          "validateCallback": [Function],
        },
      },
      "_mountOrder": 1,
      "_pendingCallbacks": null,
      "_pendingElement": null,
      "_pendingForceUpdate": false,
      "_pendingReplaceState": false,
      "_pendingStateQueue": null,
      "_renderedComponent": NoopInternalComponent {
        "_currentElement": <div
          className="InterestingPeople"
        >
          <div
            className="InterestingPeople__container"
          >
            <h4
              className="InterestingPeople__title"
            >
              <i
                className="iconfont icon-group InterestingPeople__icon"
              />
               
              <FormattedMessage
                defaultMessage="Interesting People"
                id="interesting_people"
                values={Object {}}
              />
              <i
                className="iconfont icon-refresh InterestingPeople__icon-refresh"
                onClick={[Function]}
                role="presentation"
              />
            </h4>
            <div
              className="InterestingPeople__divider"
            />
            <User
              user={
                Object {
                  "name": "sekhmet",
                }
              }
            />
            <User
              user={
                Object {
                  "name": "fabien",
                }
              }
            />
            <User
              user={
                Object {
                  "name": "ekitcho",
                }
              }
            />
            <User
              user={
                Object {
                  "name": "jm90mm",
                }
              }
            />
            <h4
              className="InterestingPeople__more"
            >
              <Link
                replace={false}
                to="/latest-comments"
              >
                <FormattedMessage
                  defaultMessage="Discover More People"
                  id="discover_more_people"
                  values={Object {}}
                />
              </Link>
            </h4>
          </div>
        </div>,
        "_debugID": 2,
        "_renderedOutput": <div
          className="InterestingPeople"
        >
          <div
            className="InterestingPeople__container"
          >
            <h4
              className="InterestingPeople__title"
            >
              <i
                className="iconfont icon-group InterestingPeople__icon"
              />
               
              <FormattedMessage
                defaultMessage="Interesting People"
                id="interesting_people"
                values={Object {}}
              />
              <i
                className="iconfont icon-refresh InterestingPeople__icon-refresh"
                onClick={[Function]}
                role="presentation"
              />
            </h4>
            <div
              className="InterestingPeople__divider"
            />
            <User
              user={
                Object {
                  "name": "sekhmet",
                }
              }
            />
            <User
              user={
                Object {
                  "name": "fabien",
                }
              }
            />
            <User
              user={
                Object {
                  "name": "ekitcho",
                }
              }
            />
            <User
              user={
                Object {
                  "name": "jm90mm",
                }
              }
            />
            <h4
              className="InterestingPeople__more"
            >
              <Link
                replace={false}
                to="/latest-comments"
              >
                <FormattedMessage
                  defaultMessage="Discover More People"
                  id="discover_more_people"
                  values={Object {}}
                />
              </Link>
            </h4>
          </div>
        </div>,
      },
      "_renderedNodeType": 0,
      "_rootNodeID": 0,
      "_topLevelWrapper": null,
      "_updateBatchNumber": null,
      "_warnedAboutRefsInRender": false,
    },
    "getRenderOutput": [Function],
    "render": [Function],
  },
  "root": [Circular],
  "unrendered": <InterestingPeople
    onRefresh={[Function]}
    users={
      Array [
        Object {
          "name": "sekhmet",
        },
        Object {
          "name": "fabien",
        },
        Object {
          "name": "ekitcho",
        },
        Object {
          "name": "jm90mm",
        },
      ]
    }
  />,
}
`;
