// Jest Snapshot v1, https://goo.gl/fbAQLP

exports[`<Topics /> renders without exploding 1`] = `
ShallowWrapper {
  "complexSelector": ComplexSelector {
    "buildPredicate": [Function],
    "childrenOfNode": [Function],
    "findWhereUnwrapped": [Function],
  },
  "length": 1,
  "node": <div
    className="Topics"
  >
    <h4>
      <FormattedMessage
        defaultMessage="Favorite topics"
        id="favorite_topics"
        values={Object {}}
      />
    </h4>
    <ul
      className="Topics__list"
    >
      <li>
        <Topic
          closable={false}
          favorite={true}
          name="busy"
          onClose={[Function]}
        />
      </li>
      <li>
        <Topic
          closable={false}
          favorite={true}
          name="introduceyourself"
          onClose={[Function]}
        />
      </li>
      <li>
        <Topic
          closable={false}
          favorite={true}
          name="steemfest"
          onClose={[Function]}
        />
      </li>
      <li>
        <Topic
          closable={false}
          favorite={true}
          name="poland"
          onClose={[Function]}
        />
      </li>
    </ul>
  </div>,
  "nodes": Array [
    <div
      className="Topics"
    >
      <h4>
        <FormattedMessage
          defaultMessage="Favorite topics"
          id="favorite_topics"
          values={Object {}}
        />
      </h4>
      <ul
        className="Topics__list"
      >
        <li>
          <Topic
            closable={false}
            favorite={true}
            name="busy"
            onClose={[Function]}
          />
        </li>
        <li>
          <Topic
            closable={false}
            favorite={true}
            name="introduceyourself"
            onClose={[Function]}
          />
        </li>
        <li>
          <Topic
            closable={false}
            favorite={true}
            name="steemfest"
            onClose={[Function]}
          />
        </li>
        <li>
          <Topic
            closable={false}
            favorite={true}
            name="poland"
            onClose={[Function]}
          />
        </li>
      </ul>
    </div>,
  ],
  "options": Object {},
  "renderer": ReactShallowRenderer {
    "_instance": ShallowComponentWrapper {
      "_calledComponentWillUnmount": false,
      "_compositeType": 0,
      "_context": Object {},
      "_currentElement": <Topics
        favorite={true}
        loading={false}
        maxItems={20}
        topics={
          Array [
            "busy",
            "introduceyourself",
            "steemfest",
            "poland",
          ]
        }
      />,
      "_debugID": 1,
      "_hostContainerInfo": null,
      "_hostParent": null,
      "_instance": Topics {
        "_reactInternalInstance": [Circular],
        "context": Object {},
        "props": Object {
          "favorite": true,
          "loading": false,
          "maxItems": 20,
          "topics": Array [
            "busy",
            "introduceyourself",
            "steemfest",
            "poland",
          ],
        },
        "refs": Object {},
        "state": Object {
          "showMore": false,
        },
        "updater": Object {
          "enqueueCallback": [Function],
          "enqueueCallbackInternal": [Function],
          "enqueueElementInternal": [Function],
          "enqueueForceUpdate": [Function],
          "enqueueReplaceState": [Function],
          "enqueueSetState": [Function],
          "isMounted": [Function],
          "validateCallback": [Function],
        },
      },
      "_mountOrder": 1,
      "_pendingCallbacks": null,
      "_pendingElement": null,
      "_pendingForceUpdate": false,
      "_pendingReplaceState": false,
      "_pendingStateQueue": null,
      "_renderedComponent": NoopInternalComponent {
        "_currentElement": <div
          className="Topics"
        >
          <h4>
            <FormattedMessage
              defaultMessage="Favorite topics"
              id="favorite_topics"
              values={Object {}}
            />
          </h4>
          <ul
            className="Topics__list"
          >
            <li>
              <Topic
                closable={false}
                favorite={true}
                name="busy"
                onClose={[Function]}
              />
            </li>
            <li>
              <Topic
                closable={false}
                favorite={true}
                name="introduceyourself"
                onClose={[Function]}
              />
            </li>
            <li>
              <Topic
                closable={false}
                favorite={true}
                name="steemfest"
                onClose={[Function]}
              />
            </li>
            <li>
              <Topic
                closable={false}
                favorite={true}
                name="poland"
                onClose={[Function]}
              />
            </li>
          </ul>
        </div>,
        "_debugID": 2,
        "_renderedOutput": <div
          className="Topics"
        >
          <h4>
            <FormattedMessage
              defaultMessage="Favorite topics"
              id="favorite_topics"
              values={Object {}}
            />
          </h4>
          <ul
            className="Topics__list"
          >
            <li>
              <Topic
                closable={false}
                favorite={true}
                name="busy"
                onClose={[Function]}
              />
            </li>
            <li>
              <Topic
                closable={false}
                favorite={true}
                name="introduceyourself"
                onClose={[Function]}
              />
            </li>
            <li>
              <Topic
                closable={false}
                favorite={true}
                name="steemfest"
                onClose={[Function]}
              />
            </li>
            <li>
              <Topic
                closable={false}
                favorite={true}
                name="poland"
                onClose={[Function]}
              />
            </li>
          </ul>
        </div>,
      },
      "_renderedNodeType": 0,
      "_rootNodeID": 0,
      "_topLevelWrapper": null,
      "_updateBatchNumber": null,
      "_warnedAboutRefsInRender": false,
    },
    "getRenderOutput": [Function],
    "render": [Function],
  },
  "root": [Circular],
  "unrendered": <Topics
    favorite={true}
    loading={false}
    maxItems={20}
    topics={
      Array [
        "busy",
        "introduceyourself",
        "steemfest",
        "poland",
      ]
    }
  />,
}
`;
