// Jest Snapshot v1, https://goo.gl/fbAQLP

exports[`<InterestingPeople /> renders without exploding 1`] = `
ShallowWrapper {
  "length": 1,
  Symbol(enzyme.__root__): [Circular],
  Symbol(enzyme.__unrendered__): <InterestingPeople
    onRefresh={[Function]}
    users={
      Array [
        Object {
          "name": "sekhmet",
        },
        Object {
          "name": "fabien",
        },
        Object {
          "name": "ekitcho",
        },
        Object {
          "name": "jm90mm",
        },
      ]
    }
  />,
  Symbol(enzyme.__renderer__): Object {
    "batchedUpdates": [Function],
    "getNode": [Function],
    "render": [Function],
    "simulateEvent": [Function],
    "unmount": [Function],
  },
  Symbol(enzyme.__node__): Object {
    "instance": null,
    "key": undefined,
    "nodeType": "host",
    "props": Object {
      "children": Array [
        <h4
          className="SidebarContentBlock__title"
        >
          <i
            className="iconfont icon-group SidebarContentBlock__icon"
          />
           
          <FormattedMessage
            defaultMessage="Interesting People"
            id="interesting_people"
            values={Object {}}
          />
          <i
            className="iconfont icon-refresh InterestingPeople__icon-refresh"
            onClick={[Function]}
            role="presentation"
          />
        </h4>,
        <div
          className="SidebarContentBlock__content"
        >
          <User
            user={
              Object {
                "name": "sekhmet",
              }
            }
          />
          <User
            user={
              Object {
                "name": "fabien",
              }
            }
          />
          <User
            user={
              Object {
                "name": "ekitcho",
              }
            }
          />
          <User
            user={
              Object {
                "name": "jm90mm",
              }
            }
          />
          <h4
            className="InterestingPeople__more"
          >
            <Link
              replace={false}
              to="/discover"
            >
              <FormattedMessage
                defaultMessage="Discover More People"
                id="discover_more_people"
                values={Object {}}
              />
            </Link>
          </h4>
        </div>,
      ],
      "className": "InterestingPeople SidebarContentBlock",
    },
    "ref": null,
    "rendered": Array [
      Object {
        "instance": null,
        "key": undefined,
        "nodeType": "host",
        "props": Object {
          "children": Array [
            <i
              className="iconfont icon-group SidebarContentBlock__icon"
            />,
            " ",
            <FormattedMessage
              defaultMessage="Interesting People"
              id="interesting_people"
              values={Object {}}
            />,
            <i
              className="iconfont icon-refresh InterestingPeople__icon-refresh"
              onClick={[Function]}
              role="presentation"
            />,
          ],
          "className": "SidebarContentBlock__title",
        },
        "ref": null,
        "rendered": Array [
          Object {
            "instance": null,
            "key": undefined,
            "nodeType": "host",
            "props": Object {
              "className": "iconfont icon-group SidebarContentBlock__icon",
            },
            "ref": null,
            "rendered": null,
            "type": "i",
          },
          " ",
          Object {
            "instance": null,
            "key": undefined,
            "nodeType": "class",
            "props": Object {
              "defaultMessage": "Interesting People",
              "id": "interesting_people",
              "values": Object {},
            },
            "ref": null,
            "rendered": null,
            "type": [Function],
          },
          Object {
            "instance": null,
            "key": undefined,
            "nodeType": "host",
            "props": Object {
              "className": "iconfont icon-refresh InterestingPeople__icon-refresh",
              "onClick": [Function],
              "role": "presentation",
            },
            "ref": null,
            "rendered": null,
            "type": "i",
          },
        ],
        "type": "h4",
      },
      Object {
        "instance": null,
        "key": undefined,
        "nodeType": "host",
        "props": Object {
          "children": Array [
            Array [
              <User
                user={
                  Object {
                    "name": "sekhmet",
                  }
                }
              />,
              <User
                user={
                  Object {
                    "name": "fabien",
                  }
                }
              />,
              <User
                user={
                  Object {
                    "name": "ekitcho",
                  }
                }
              />,
              <User
                user={
                  Object {
                    "name": "jm90mm",
                  }
                }
              />,
            ],
            <h4
              className="InterestingPeople__more"
            >
              <Link
                replace={false}
                to="/discover"
              >
                <FormattedMessage
                  defaultMessage="Discover More People"
                  id="discover_more_people"
                  values={Object {}}
                />
              </Link>
            </h4>,
          ],
          "className": "SidebarContentBlock__content",
        },
        "ref": null,
        "rendered": Array [
          Object {
            "instance": null,
            "key": "sekhmet",
            "nodeType": "function",
            "props": Object {
              "user": Object {
                "name": "sekhmet",
              },
            },
            "ref": null,
            "rendered": null,
            "type": [Function],
          },
          Object {
            "instance": null,
            "key": "fabien",
            "nodeType": "function",
            "props": Object {
              "user": Object {
                "name": "fabien",
              },
            },
            "ref": null,
            "rendered": null,
            "type": [Function],
          },
          Object {
            "instance": null,
            "key": "ekitcho",
            "nodeType": "function",
            "props": Object {
              "user": Object {
                "name": "ekitcho",
              },
            },
            "ref": null,
            "rendered": null,
            "type": [Function],
          },
          Object {
            "instance": null,
            "key": "jm90mm",
            "nodeType": "function",
            "props": Object {
              "user": Object {
                "name": "jm90mm",
              },
            },
            "ref": null,
            "rendered": null,
            "type": [Function],
          },
          Object {
            "instance": null,
            "key": undefined,
            "nodeType": "host",
            "props": Object {
              "children": <Link
                replace={false}
                to="/discover"
              >
                <FormattedMessage
                  defaultMessage="Discover More People"
                  id="discover_more_people"
                  values={Object {}}
                />
              </Link>,
              "className": "InterestingPeople__more",
            },
            "ref": null,
            "rendered": Object {
              "instance": null,
              "key": undefined,
              "nodeType": "class",
              "props": Object {
                "children": <FormattedMessage
                  defaultMessage="Discover More People"
                  id="discover_more_people"
                  values={Object {}}
                />,
                "replace": false,
                "to": "/discover",
              },
              "ref": null,
              "rendered": Object {
                "instance": null,
                "key": undefined,
                "nodeType": "class",
                "props": Object {
                  "defaultMessage": "Discover More People",
                  "id": "discover_more_people",
                  "values": Object {},
                },
                "ref": null,
                "rendered": null,
                "type": [Function],
              },
              "type": [Function],
            },
            "type": "h4",
          },
        ],
        "type": "div",
      },
    ],
    "type": "div",
  },
  Symbol(enzyme.__nodes__): Array [
    Object {
      "instance": null,
      "key": undefined,
      "nodeType": "host",
      "props": Object {
        "children": Array [
          <h4
            className="SidebarContentBlock__title"
          >
            <i
              className="iconfont icon-group SidebarContentBlock__icon"
            />
             
            <FormattedMessage
              defaultMessage="Interesting People"
              id="interesting_people"
              values={Object {}}
            />
            <i
              className="iconfont icon-refresh InterestingPeople__icon-refresh"
              onClick={[Function]}
              role="presentation"
            />
          </h4>,
          <div
            className="SidebarContentBlock__content"
          >
            <User
              user={
                Object {
                  "name": "sekhmet",
                }
              }
            />
            <User
              user={
                Object {
                  "name": "fabien",
                }
              }
            />
            <User
              user={
                Object {
                  "name": "ekitcho",
                }
              }
            />
            <User
              user={
                Object {
                  "name": "jm90mm",
                }
              }
            />
            <h4
              className="InterestingPeople__more"
            >
              <Link
                replace={false}
                to="/discover"
              >
                <FormattedMessage
                  defaultMessage="Discover More People"
                  id="discover_more_people"
                  values={Object {}}
                />
              </Link>
            </h4>
          </div>,
        ],
        "className": "InterestingPeople SidebarContentBlock",
      },
      "ref": null,
      "rendered": Array [
        Object {
          "instance": null,
          "key": undefined,
          "nodeType": "host",
          "props": Object {
            "children": Array [
              <i
                className="iconfont icon-group SidebarContentBlock__icon"
              />,
              " ",
              <FormattedMessage
                defaultMessage="Interesting People"
                id="interesting_people"
                values={Object {}}
              />,
              <i
                className="iconfont icon-refresh InterestingPeople__icon-refresh"
                onClick={[Function]}
                role="presentation"
              />,
            ],
            "className": "SidebarContentBlock__title",
          },
          "ref": null,
          "rendered": Array [
            Object {
              "instance": null,
              "key": undefined,
              "nodeType": "host",
              "props": Object {
                "className": "iconfont icon-group SidebarContentBlock__icon",
              },
              "ref": null,
              "rendered": null,
              "type": "i",
            },
            " ",
            Object {
              "instance": null,
              "key": undefined,
              "nodeType": "class",
              "props": Object {
                "defaultMessage": "Interesting People",
                "id": "interesting_people",
                "values": Object {},
              },
              "ref": null,
              "rendered": null,
              "type": [Function],
            },
            Object {
              "instance": null,
              "key": undefined,
              "nodeType": "host",
              "props": Object {
                "className": "iconfont icon-refresh InterestingPeople__icon-refresh",
                "onClick": [Function],
                "role": "presentation",
              },
              "ref": null,
              "rendered": null,
              "type": "i",
            },
          ],
          "type": "h4",
        },
        Object {
          "instance": null,
          "key": undefined,
          "nodeType": "host",
          "props": Object {
            "children": Array [
              Array [
                <User
                  user={
                    Object {
                      "name": "sekhmet",
                    }
                  }
                />,
                <User
                  user={
                    Object {
                      "name": "fabien",
                    }
                  }
                />,
                <User
                  user={
                    Object {
                      "name": "ekitcho",
                    }
                  }
                />,
                <User
                  user={
                    Object {
                      "name": "jm90mm",
                    }
                  }
                />,
              ],
              <h4
                className="InterestingPeople__more"
              >
                <Link
                  replace={false}
                  to="/discover"
                >
                  <FormattedMessage
                    defaultMessage="Discover More People"
                    id="discover_more_people"
                    values={Object {}}
                  />
                </Link>
              </h4>,
            ],
            "className": "SidebarContentBlock__content",
          },
          "ref": null,
          "rendered": Array [
            Object {
              "instance": null,
              "key": "sekhmet",
              "nodeType": "function",
              "props": Object {
                "user": Object {
                  "name": "sekhmet",
                },
              },
              "ref": null,
              "rendered": null,
              "type": [Function],
            },
            Object {
              "instance": null,
              "key": "fabien",
              "nodeType": "function",
              "props": Object {
                "user": Object {
                  "name": "fabien",
                },
              },
              "ref": null,
              "rendered": null,
              "type": [Function],
            },
            Object {
              "instance": null,
              "key": "ekitcho",
              "nodeType": "function",
              "props": Object {
                "user": Object {
                  "name": "ekitcho",
                },
              },
              "ref": null,
              "rendered": null,
              "type": [Function],
            },
            Object {
              "instance": null,
              "key": "jm90mm",
              "nodeType": "function",
              "props": Object {
                "user": Object {
                  "name": "jm90mm",
                },
              },
              "ref": null,
              "rendered": null,
              "type": [Function],
            },
            Object {
              "instance": null,
              "key": undefined,
              "nodeType": "host",
              "props": Object {
                "children": <Link
                  replace={false}
                  to="/discover"
                >
                  <FormattedMessage
                    defaultMessage="Discover More People"
                    id="discover_more_people"
                    values={Object {}}
                  />
                </Link>,
                "className": "InterestingPeople__more",
              },
              "ref": null,
              "rendered": Object {
                "instance": null,
                "key": undefined,
                "nodeType": "class",
                "props": Object {
                  "children": <FormattedMessage
                    defaultMessage="Discover More People"
                    id="discover_more_people"
                    values={Object {}}
                  />,
                  "replace": false,
                  "to": "/discover",
                },
                "ref": null,
                "rendered": Object {
                  "instance": null,
                  "key": undefined,
                  "nodeType": "class",
                  "props": Object {
                    "defaultMessage": "Discover More People",
                    "id": "discover_more_people",
                    "values": Object {},
                  },
                  "ref": null,
                  "rendered": null,
                  "type": [Function],
                },
                "type": [Function],
              },
              "type": "h4",
            },
          ],
          "type": "div",
        },
      ],
      "type": "div",
    },
  ],
  Symbol(enzyme.__options__): Object {
    "adapter": ReactSixteenAdapter {
      "options": Object {
        "enableComponentDidUpdateOnSetState": true,
      },
    },
  },
}
`;
