// Jest Snapshot v1, https://goo.gl/fbAQLP

exports[`<UserMenu /> renders without exploding 1`] = `
ShallowWrapper {
  "complexSelector": ComplexSelector {
    "buildPredicate": [Function],
    "childrenOfNode": [Function],
    "findWhereUnwrapped": [Function],
  },
  "length": 1,
  "node": <div
    className="UserMenu"
  >
    <div
      className="container menu-layout"
    >
      <div
        className="left"
      />
      <Scrollbars
        autoHeight={false}
        autoHeightMax={200}
        autoHeightMin={0}
        autoHide={true}
        autoHideDuration={200}
        autoHideTimeout={1000}
        hideTracksWhenNotNeeded={false}
        renderThumbHorizontal={[Function]}
        renderThumbVertical={[Function]}
        renderTrackHorizontal={[Function]}
        renderTrackVertical={[Function]}
        renderView={[Function]}
        style={
          Object {
            "height": 46,
            "width": "100%",
          }
        }
        tagName="div"
        thumbMinSize={30}
        universal={false}
      >
        <ul
          className="UserMenu__menu center"
        >
          <li
            className="UserMenu__item"
            data-key="discussions"
            onClick={[Function]}
            role="presentation"
          >
            <FormattedMessage
              defaultMessage="Discussions"
              id="discussions"
              values={Object {}}
            />
          </li>
          <li
            className="UserMenu__item UserMenu__item--active"
            data-key="comments"
            onClick={[Function]}
            role="presentation"
          >
            <FormattedMessage
              defaultMessage="Comments"
              id="comments"
              values={Object {}}
            />
          </li>
          <li
            className="UserMenu__item"
            data-key="followers"
            onClick={[Function]}
            role="presentation"
          >
            <FormattedMessage
              defaultMessage="Followers"
              id="followers"
              values={Object {}}
            />
            <span
              className="UserMenu__badge"
            >
              <FormattedNumber
                value={42}
              />
            </span>
          </li>
          <li
            className="UserMenu__item"
            data-key="followed"
            onClick={[Function]}
            role="presentation"
          >
            <FormattedMessage
              defaultMessage="Following"
              id="following"
              values={Object {}}
            />
            <span
              className="UserMenu__badge"
            >
              <FormattedNumber
                value={21}
              />
            </span>
          </li>
          <li
            className="UserMenu__item"
            data-key="transfers"
            onClick={[Function]}
            role="presentation"
          >
            <FormattedMessage
              defaultMessage="Wallet"
              id="wallet"
              values={Object {}}
            />
          </li>
        </ul>
      </Scrollbars>
    </div>
  </div>,
  "nodes": Array [
    <div
      className="UserMenu"
    >
      <div
        className="container menu-layout"
      >
        <div
          className="left"
        />
        <Scrollbars
          autoHeight={false}
          autoHeightMax={200}
          autoHeightMin={0}
          autoHide={true}
          autoHideDuration={200}
          autoHideTimeout={1000}
          hideTracksWhenNotNeeded={false}
          renderThumbHorizontal={[Function]}
          renderThumbVertical={[Function]}
          renderTrackHorizontal={[Function]}
          renderTrackVertical={[Function]}
          renderView={[Function]}
          style={
            Object {
              "height": 46,
              "width": "100%",
            }
          }
          tagName="div"
          thumbMinSize={30}
          universal={false}
        >
          <ul
            className="UserMenu__menu center"
          >
            <li
              className="UserMenu__item"
              data-key="discussions"
              onClick={[Function]}
              role="presentation"
            >
              <FormattedMessage
                defaultMessage="Discussions"
                id="discussions"
                values={Object {}}
              />
            </li>
            <li
              className="UserMenu__item UserMenu__item--active"
              data-key="comments"
              onClick={[Function]}
              role="presentation"
            >
              <FormattedMessage
                defaultMessage="Comments"
                id="comments"
                values={Object {}}
              />
            </li>
            <li
              className="UserMenu__item"
              data-key="followers"
              onClick={[Function]}
              role="presentation"
            >
              <FormattedMessage
                defaultMessage="Followers"
                id="followers"
                values={Object {}}
              />
              <span
                className="UserMenu__badge"
              >
                <FormattedNumber
                  value={42}
                />
              </span>
            </li>
            <li
              className="UserMenu__item"
              data-key="followed"
              onClick={[Function]}
              role="presentation"
            >
              <FormattedMessage
                defaultMessage="Following"
                id="following"
                values={Object {}}
              />
              <span
                className="UserMenu__badge"
              >
                <FormattedNumber
                  value={21}
                />
              </span>
            </li>
            <li
              className="UserMenu__item"
              data-key="transfers"
              onClick={[Function]}
              role="presentation"
            >
              <FormattedMessage
                defaultMessage="Wallet"
                id="wallet"
                values={Object {}}
              />
            </li>
          </ul>
        </Scrollbars>
      </div>
    </div>,
  ],
  "options": Object {},
  "renderer": ReactShallowRenderer {
    "_instance": ShallowComponentWrapper {
      "_calledComponentWillUnmount": false,
      "_compositeType": 0,
      "_context": Object {},
      "_currentElement": <UserMenu
        defaultKey="comments"
        followers={42}
        following={21}
        onChange={[Function]}
      />,
      "_debugID": 1,
      "_hostContainerInfo": null,
      "_hostParent": null,
      "_instance": UserMenu {
        "_reactInternalInstance": [Circular],
        "context": Object {},
        "getItemClasses": [Function],
        "handleClick": [Function],
        "props": Object {
          "defaultKey": "comments",
          "followers": 42,
          "following": 21,
          "onChange": [Function],
        },
        "refs": Object {},
        "state": Object {
          "current": "comments",
        },
        "updater": Object {
          "enqueueCallback": [Function],
          "enqueueCallbackInternal": [Function],
          "enqueueElementInternal": [Function],
          "enqueueForceUpdate": [Function],
          "enqueueReplaceState": [Function],
          "enqueueSetState": [Function],
          "isMounted": [Function],
          "validateCallback": [Function],
        },
      },
      "_mountOrder": 1,
      "_pendingCallbacks": null,
      "_pendingElement": null,
      "_pendingForceUpdate": false,
      "_pendingReplaceState": false,
      "_pendingStateQueue": null,
      "_renderedComponent": NoopInternalComponent {
        "_currentElement": <div
          className="UserMenu"
        >
          <div
            className="container menu-layout"
          >
            <div
              className="left"
            />
            <Scrollbars
              autoHeight={false}
              autoHeightMax={200}
              autoHeightMin={0}
              autoHide={true}
              autoHideDuration={200}
              autoHideTimeout={1000}
              hideTracksWhenNotNeeded={false}
              renderThumbHorizontal={[Function]}
              renderThumbVertical={[Function]}
              renderTrackHorizontal={[Function]}
              renderTrackVertical={[Function]}
              renderView={[Function]}
              style={
                Object {
                  "height": 46,
                  "width": "100%",
                }
              }
              tagName="div"
              thumbMinSize={30}
              universal={false}
            >
              <ul
                className="UserMenu__menu center"
              >
                <li
                  className="UserMenu__item"
                  data-key="discussions"
                  onClick={[Function]}
                  role="presentation"
                >
                  <FormattedMessage
                    defaultMessage="Discussions"
                    id="discussions"
                    values={Object {}}
                  />
                </li>
                <li
                  className="UserMenu__item UserMenu__item--active"
                  data-key="comments"
                  onClick={[Function]}
                  role="presentation"
                >
                  <FormattedMessage
                    defaultMessage="Comments"
                    id="comments"
                    values={Object {}}
                  />
                </li>
                <li
                  className="UserMenu__item"
                  data-key="followers"
                  onClick={[Function]}
                  role="presentation"
                >
                  <FormattedMessage
                    defaultMessage="Followers"
                    id="followers"
                    values={Object {}}
                  />
                  <span
                    className="UserMenu__badge"
                  >
                    <FormattedNumber
                      value={42}
                    />
                  </span>
                </li>
                <li
                  className="UserMenu__item"
                  data-key="followed"
                  onClick={[Function]}
                  role="presentation"
                >
                  <FormattedMessage
                    defaultMessage="Following"
                    id="following"
                    values={Object {}}
                  />
                  <span
                    className="UserMenu__badge"
                  >
                    <FormattedNumber
                      value={21}
                    />
                  </span>
                </li>
                <li
                  className="UserMenu__item"
                  data-key="transfers"
                  onClick={[Function]}
                  role="presentation"
                >
                  <FormattedMessage
                    defaultMessage="Wallet"
                    id="wallet"
                    values={Object {}}
                  />
                </li>
              </ul>
            </Scrollbars>
          </div>
        </div>,
        "_debugID": 2,
        "_renderedOutput": <div
          className="UserMenu"
        >
          <div
            className="container menu-layout"
          >
            <div
              className="left"
            />
            <Scrollbars
              autoHeight={false}
              autoHeightMax={200}
              autoHeightMin={0}
              autoHide={true}
              autoHideDuration={200}
              autoHideTimeout={1000}
              hideTracksWhenNotNeeded={false}
              renderThumbHorizontal={[Function]}
              renderThumbVertical={[Function]}
              renderTrackHorizontal={[Function]}
              renderTrackVertical={[Function]}
              renderView={[Function]}
              style={
                Object {
                  "height": 46,
                  "width": "100%",
                }
              }
              tagName="div"
              thumbMinSize={30}
              universal={false}
            >
              <ul
                className="UserMenu__menu center"
              >
                <li
                  className="UserMenu__item"
                  data-key="discussions"
                  onClick={[Function]}
                  role="presentation"
                >
                  <FormattedMessage
                    defaultMessage="Discussions"
                    id="discussions"
                    values={Object {}}
                  />
                </li>
                <li
                  className="UserMenu__item UserMenu__item--active"
                  data-key="comments"
                  onClick={[Function]}
                  role="presentation"
                >
                  <FormattedMessage
                    defaultMessage="Comments"
                    id="comments"
                    values={Object {}}
                  />
                </li>
                <li
                  className="UserMenu__item"
                  data-key="followers"
                  onClick={[Function]}
                  role="presentation"
                >
                  <FormattedMessage
                    defaultMessage="Followers"
                    id="followers"
                    values={Object {}}
                  />
                  <span
                    className="UserMenu__badge"
                  >
                    <FormattedNumber
                      value={42}
                    />
                  </span>
                </li>
                <li
                  className="UserMenu__item"
                  data-key="followed"
                  onClick={[Function]}
                  role="presentation"
                >
                  <FormattedMessage
                    defaultMessage="Following"
                    id="following"
                    values={Object {}}
                  />
                  <span
                    className="UserMenu__badge"
                  >
                    <FormattedNumber
                      value={21}
                    />
                  </span>
                </li>
                <li
                  className="UserMenu__item"
                  data-key="transfers"
                  onClick={[Function]}
                  role="presentation"
                >
                  <FormattedMessage
                    defaultMessage="Wallet"
                    id="wallet"
                    values={Object {}}
                  />
                </li>
              </ul>
            </Scrollbars>
          </div>
        </div>,
      },
      "_renderedNodeType": 0,
      "_rootNodeID": 0,
      "_topLevelWrapper": null,
      "_updateBatchNumber": null,
      "_warnedAboutRefsInRender": false,
    },
    "getRenderOutput": [Function],
    "render": [Function],
  },
  "root": [Circular],
  "unrendered": <UserMenu
    defaultKey="comments"
    followers={42}
    following={21}
    onChange={[Function]}
  />,
}
`;
